// Vitest Snapshot v1, https://vitest.dev/guide/snapshot.html

exports[`option > preventAssignment 1`] = `
"/* eslint-disable no-undef */
console.log(process.env.ROLLUP_VALUE_STRING);
console.log(process.env.ROLLUP_VALUE_NUMBER);
console.log(process.env.ROLLUP_VALUE_FALSE);

process.env.ROLLUP_DEBUG = false;
if (true === true) {
  console.log(true);
}
"
`;

exports[`replace > should replace with contents of env files 1`] = `
"/* eslint-disable no-undef */
console.log(\\"Test local value\\");
console.log(2);
console.log(false);

process.env.ROLLUP_DEBUG = false;
if (process.env.ROLLUP_DEBUG === true) {
  console.log(process.env.ROLLUP_DEBUG);
}
"
`;
